---
source: df_engine_extensions/src/dist_sql_query/resolver.rs
assertion_line: 266
expression: new_plan
---
ResolvedPartitionedScan: pushdown_continue:false, partition_count:3
  ProjectionExec: expr=[time@0 as time, tag1@1 as tag1, tag2@2 as tag2, value@3 as value, field2@4 as field2]
    FilterExec: time@0 < 1691974518000 AND tag1@1 = test_tag
      UnresolvedSubTableScan: table:TableIdentifier { catalog: "test_catalog", schema: "test_schema", table: "__test_1" }, table_scan_ctx:TableScanContext { read_parallelism: 8, batch_size: 10000, projected: "[time,tag1,tag2,value,field2]", predicate: "[time < TimestampMillisecond(1691974518000, None) AND tag1 = Utf8(\"test_tag\")]" }, partition_count:8
  ProjectionExec: expr=[time@0 as time, tag1@1 as tag1, tag2@2 as tag2, value@3 as value, field2@4 as field2]
    FilterExec: time@0 < 1691974518000 AND tag1@1 = test_tag
      UnresolvedSubTableScan: table:TableIdentifier { catalog: "test_catalog", schema: "test_schema", table: "__test_2" }, table_scan_ctx:TableScanContext { read_parallelism: 8, batch_size: 10000, projected: "[time,tag1,tag2,value,field2]", predicate: "[time < TimestampMillisecond(1691974518000, None) AND tag1 = Utf8(\"test_tag\")]" }, partition_count:8
  ProjectionExec: expr=[time@0 as time, tag1@1 as tag1, tag2@2 as tag2, value@3 as value, field2@4 as field2]
    FilterExec: time@0 < 1691974518000 AND tag1@1 = test_tag
      UnresolvedSubTableScan: table:TableIdentifier { catalog: "test_catalog", schema: "test_schema", table: "__test_3" }, table_scan_ctx:TableScanContext { read_parallelism: 8, batch_size: 10000, projected: "[time,tag1,tag2,value,field2]", predicate: "[time < TimestampMillisecond(1691974518000, None) AND tag1 = Utf8(\"test_tag\")]" }, partition_count:8

